// Jest Snapshot v1, https://goo.gl/fbAQLP

exports[`<TopSection /> component test renders component without crashing 1`] = `
<TopSection
  buttonLabel=""
  pageTitle=""
  redirectFunc={[MockFunction]}
>
  <div
    className="top-container"
  >
    <h2 />
    <button
      className="btn btn-outline-primary add-course-button btn-sm"
      onClick={[MockFunction]}
      type="button"
    />
  </div>
</TopSection>
`;
